move_gen.c:121:13:Mvgen_Add_White_Mv	24	static
move_gen.c:1044:13:Mvgen_Add_Black_Mv	24	static
move_gen.c:855:13:Mvgen_Add_White_Pawn_Captures_And_Promotions.isra.1	56	static
move_gen.c:838:13:Mvgen_Add_White_Pawn_No_Caps_No_Prom_Moves.isra.2	48	static
move_gen.c:764:13:Mvgen_Add_White_Rook_Evasions.isra.4	72	static
move_gen.c:302:13:Mvgen_Add_White_Bishop_Evasions.isra.5	64	static
move_gen.c:698:13:Mvgen_Add_White_Rook_Moves.isra.7	64	static
move_gen.c:236:13:Mvgen_Add_White_Bishop_Moves.isra.8	64	static
move_gen.c:636:13:Mvgen_Add_White_Rook_Captures.isra.10	48	static
move_gen.c:174:13:Mvgen_Add_White_Bishop_Captures.isra.11	48	static
move_gen.c:1786:13:Mvgen_Add_Black_Pawn_Captures_And_Promotions.isra.14	56	static
move_gen.c:1769:13:Mvgen_Add_Black_Pawn_No_Caps_No_Prom_Moves.isra.15	48	static
move_gen.c:1691:13:Mvgen_Add_Black_Rook_Evasions.isra.17	64	static
move_gen.c:1220:13:Mvgen_Add_Black_Bishop_Evasions.isra.18	64	static
move_gen.c:1621:13:Mvgen_Add_Black_Rook_Moves.isra.20	72	static
move_gen.c:1150:13:Mvgen_Add_Black_Bishop_Moves.isra.21	64	static
move_gen.c:1559:13:Mvgen_Add_Black_Rook_Captures.isra.23	48	static
move_gen.c:1088:13:Mvgen_Add_Black_Bishop_Captures.isra.24	48	static
move_gen.c:89:7:Mvgen_Compress_Move	4	static
move_gen.c:104:6:Mvgen_Decompress_Move	8	static
move_gen.c:2176:5:Mvgen_White_King_In_Check_Info	64	static
move_gen.c:2529:5:Mvgen_Black_King_In_Check_Info	72	static
move_gen.c:2874:5:Mvgen_White_King_In_Check	36	static
move_gen.c:1978:6:Mvgen_Add_White_King_Moves	48	static
move_gen.c:3053:5:Mvgen_Black_King_In_Check	12	static
move_gen.c:2077:6:Mvgen_Add_Black_King_Moves	48	static
move_gen.c:3224:5:Mvgen_Find_All_White_Evasions	80	static
move_gen.c:3292:5:Mvgen_Find_All_Black_Evasions	80	static
move_gen.c:3360:5:Mvgen_Find_All_White_Moves	72	static
move_gen.c:3400:5:Mvgen_Find_All_Black_Moves	72	static
move_gen.c:3440:5:Mvgen_Find_All_White_Captures_And_Promotions	72	static
move_gen.c:3478:5:Mvgen_Find_All_Black_Captures_And_Promotions	72	static
move_gen.c:3527:5:Mvgen_Check_Move_Legality	16	static
