search.c:147:22:Search_Do_Sort	48	static
search.c:214:13:Search_Find_Put_To_Top	16	static
search.c:272:22:Search_Swap_Best_To_Top	12	static
search.c:338:29:Search_Flatten_Difference	16	static
search.c:861:26:Search_Adjust_Priorities	36	static
search.c:2166:26:Search_Setup_Noise	4	static
search.c:1717:13:Search_Reset_History	8	static
search.c:307:25:Search_Mate_Noise	8	static
search.c:1041:12:Search_Endgame_Reduct	0	static
search.c:242:13:Search_Find_Put_To_Top_Root.constprop	16	static
search.c:299:6:Search_Get_Current_Root_Move	0	static
search.c:1729:6:Search_Make_Move	48	static
search.c:1879:6:Search_Retract_Last_Move	24	static
search.c:1663:25:Search_Is_Checkmate	1112	static
search.c:2026:26:Search_Sort_50_Moves	888	static
search.c:366:25:Search_Quiescence	384	static
search.c:1596:25:Search_Play_And_Sort_Moves	880	static
search.c:1065:1:Search_Negascout	1032	static
search.c:611:25:Search_Negamate	984	static
search.c:2622:1:Search_Get_Mate_Solution	888	static
search.c:1934:6:Search_Try_Move	28	static
search.c:2108:18:Search_Get_Root_Move_List	80	static
search.c:2179:1:Search_Get_Best_Move	1016	static
search.c:2712:19:Search_Mate_Solver	976	static
