util.c:124:6:Util_Key_To_Char	0	static
util.c:149:6:Util_Key_To_Digit	0	static
util.c:174:6:Util_Key_To_Prom	0	static
util.c:192:10:Util_Crc32	32	static
util.c:219:9:Util_Crc8	32	static
util.c:250:10:Util_Hex_Long_To_Int	0	static
util.c:263:6:Util_Long_Int_To_Hex	8	static
util.c:279:6:Util_Strcpy	0	static
util.c:285:6:Util_Strcat	0	static
util.c:294:6:Util_Strins	0	static
util.c:301:5:Util_Strcmp	0	static
util.c:314:8:Util_Strlen	0	static
util.c:335:6:Util_Time_To_String	20	static
util.c:406:6:Util_Long_Time_To_String	16	static
util.c:425:6:Util_Depth_To_String	0	static
util.c:446:6:Util_Centipawns_To_String	16	static
util.c:479:6:Util_Itoa	4	static
util.c:517:6:Util_Pawns_To_String	16	static
util.c:554:5:Util_Convert_Moves	12	static
util.c:598:6:Util_Memzero	16	static
util.c:645:6:Util_Memcpy	16	static
util.c:713:6:Util_Movelinecpy	0	static
